<?xml version="1.0" encoding="UTF-8"?>
<TestRun id="fa173dd4-8d72-440e-81e7-da71ceff1e48" name="armandorv@ARMANDORV-PC 2013-05-11 07:29:45" runUser="armandorv-pc\armandorv" xmlns="http://microsoft.com/schemas/VisualStudio/TeamTest/2010">
  <TestSettings name="Local" id="c8c134b9-4e63-4f20-86f5-020a6ecd1d56">
    <Description>Esta es la configuración de pruebas predeterminada para una ejecución de pruebas local.</Description>
    <Deployment userDeploymentRoot="D:\Work\git-hub\easytravel\EasytravelDesktop\TestResults" useDefaultDeploymentRoot="false" enabled="false" runDeploymentRoot="armandorv_ARMANDORV-PC 2013-05-11 07_29_45">
      <DeploymentItem filename="D:\Work\git-hub\easytravel\EasytravelDesktop\EasytravelWsClient\bin\Debug\EasytravelWsClient.dll" />
    </Deployment>
    <Execution>
      <TestTypeSpecific />
      <AgentRule name="Execution Agents">
      </AgentRule>
    </Execution>
  </TestSettings>
  <Times creation="2013-05-11T07:29:45.9390440+02:00" queuing="2013-05-11T07:29:48.5391927+02:00" start="2013-05-11T07:29:48.6251976+02:00" finish="2013-05-11T07:31:24.6536901+02:00" />
  <ResultSummary outcome="Error">
    <Counters total="1" executed="1" error="0" failed="0" timeout="0" aborted="1" inconclusive="0" passedButRunAborted="0" notRunnable="0" notExecuted="0" disconnected="0" warning="0" passed="0" completed="0" inProgress="0" pending="0" />
    <RunInfos>
      <RunInfo computerName="ARMANDORV-PC" outcome="Error" timestamp="2013-05-11T07:31:24.6526901+02:00">
        <Text>El proceso del host de pruebas terminó inesperadamente.</Text>
      </RunInfo>
    </RunInfos>
  </ResultSummary>
  <TestDefinitions>
    <UnitTest name="TestGetTravels" storage="d:\work\git-hub\easytravel\easytraveldesktop\easytravelwsclienttests\bin\debug\easytravelwsclienttests.dll" id="5fd63081-93ec-491b-3b9d-aabf20c39f7f">
      <Execution id="0a829995-89b3-4e4e-b129-57b53265b4bd" />
      <TestMethod codeBase="D:/Work/git-hub/easytravel/EasytravelDesktop/EasytravelWsClientTests/bin/Debug/EasytravelWsClientTests.DLL" adapterTypeName="Microsoft.VisualStudio.TestTools.TestTypes.Unit.UnitTestAdapter, Microsoft.VisualStudio.QualityTools.Tips.UnitTest.Adapter, Version=10.0.0.0, Culture=neutral, PublicKeyToken=b03f5f7f11d50a3a" className="EasytravelWsClientTests.TravelsServiceTest, EasytravelWsClientTests, Version=1.0.0.0, Culture=neutral, PublicKeyToken=null" name="TestGetTravels" />
    </UnitTest>
  </TestDefinitions>
  <TestLists>
    <TestList name="Resultados que no están en la lista" id="8c84fa94-04c1-424b-9868-57a2d4851a1d" />
    <TestList name="Todos los resultados cargados" id="19431567-8539-422a-85d7-44ee4e166bda" />
  </TestLists>
  <TestEntries>
    <TestEntry testId="5fd63081-93ec-491b-3b9d-aabf20c39f7f" executionId="0a829995-89b3-4e4e-b129-57b53265b4bd" testListId="8c84fa94-04c1-424b-9868-57a2d4851a1d" />
  </TestEntries>
  <Results>
    <UnitTestResult executionId="0a829995-89b3-4e4e-b129-57b53265b4bd" testId="5fd63081-93ec-491b-3b9d-aabf20c39f7f" testName="TestGetTravels" computerName="ARMANDORV-PC" duration="00:01:35.9884902" startTime="2013-05-11T07:29:48.6651999+02:00" endTime="2013-05-11T07:31:24.6536901+02:00" testType="13cdc9d9-ddb5-4fa4-a97d-d965ccfc6d4b" outcome="Aborted" testListId="8c84fa94-04c1-424b-9868-57a2d4851a1d" relativeResultsDirectory="0a829995-89b3-4e4e-b129-57b53265b4bd">
    </UnitTestResult>
  </Results>
</TestRun>