<?xml version="1.0" encoding="UTF-8"?>
<TestRun id="94c07696-fbf2-49ee-9e3b-6c9a71b732e5" name="armandorv@ARMANDORV-PC 2013-05-11 07:49:40" runUser="armandorv-pc\armandorv" xmlns="http://microsoft.com/schemas/VisualStudio/TeamTest/2010">
  <TestSettings name="Local" id="c8c134b9-4e63-4f20-86f5-020a6ecd1d56">
    <Description>Esta es la configuración de pruebas predeterminada para una ejecución de pruebas local.</Description>
    <Deployment enabled="false" runDeploymentRoot="armandorv_ARMANDORV-PC 2013-05-11 07_49_40">
      <DeploymentItem filename="D:\Work\git-hub\easytravel\EasytravelDesktop\EasytravelWsClient\bin\Debug\EasytravelWsClient.dll" />
    </Deployment>
    <Execution>
      <TestTypeSpecific />
      <AgentRule name="Execution Agents">
      </AgentRule>
    </Execution>
  </TestSettings>
  <Times creation="2013-05-11T07:49:40.3483603+02:00" queuing="2013-05-11T07:49:40.6473774+02:00" start="2013-05-11T07:49:40.6873797+02:00" finish="2013-05-11T07:49:46.3947061+02:00" />
  <ResultSummary outcome="Completed">
    <Counters total="1" executed="1" passed="1" error="0" failed="0" timeout="0" aborted="0" inconclusive="0" passedButRunAborted="0" notRunnable="0" notExecuted="0" disconnected="0" warning="0" completed="0" inProgress="0" pending="0" />
  </ResultSummary>
  <TestDefinitions>
    <UnitTest name="TestIsVisited" storage="d:\work\git-hub\easytravel\easytraveldesktop\easytravelwsclienttests\bin\debug\easytravelwsclienttests.dll" id="21685716-bd6e-1308-7218-3f2b2ca12dfa">
      <Execution id="a4b0db64-3fae-4e5d-b717-1e839f074ba9" />
      <TestMethod codeBase="D:/Work/git-hub/easytravel/EasytravelDesktop/EasytravelWsClientTests/bin/Debug/EasytravelWsClientTests.DLL" adapterTypeName="Microsoft.VisualStudio.TestTools.TestTypes.Unit.UnitTestAdapter, Microsoft.VisualStudio.QualityTools.Tips.UnitTest.Adapter, Version=10.0.0.0, Culture=neutral, PublicKeyToken=b03f5f7f11d50a3a" className="EasytravelWsClientTests.TravelsServiceTest, EasytravelWsClientTests, Version=1.0.0.0, Culture=neutral, PublicKeyToken=null" name="TestIsVisited" />
    </UnitTest>
  </TestDefinitions>
  <TestLists>
    <TestList name="Resultados que no están en la lista" id="8c84fa94-04c1-424b-9868-57a2d4851a1d" />
    <TestList name="Todos los resultados cargados" id="19431567-8539-422a-85d7-44ee4e166bda" />
  </TestLists>
  <TestEntries>
    <TestEntry testId="21685716-bd6e-1308-7218-3f2b2ca12dfa" executionId="a4b0db64-3fae-4e5d-b717-1e839f074ba9" testListId="8c84fa94-04c1-424b-9868-57a2d4851a1d" />
  </TestEntries>
  <Results>
    <UnitTestResult executionId="a4b0db64-3fae-4e5d-b717-1e839f074ba9" testId="21685716-bd6e-1308-7218-3f2b2ca12dfa" testName="TestIsVisited" computerName="ARMANDORV-PC" duration="00:00:05.3410935" startTime="2013-05-11T07:49:40.6973802+02:00" endTime="2013-05-11T07:49:46.3257022+02:00" testType="13cdc9d9-ddb5-4fa4-a97d-d965ccfc6d4b" outcome="Passed" testListId="8c84fa94-04c1-424b-9868-57a2d4851a1d" relativeResultsDirectory="a4b0db64-3fae-4e5d-b717-1e839f074ba9">
    </UnitTestResult>
  </Results>
</TestRun>